// Jest Snapshot v1, https://goo.gl/fbAQLP

exports[`Add news article component shows article form 1`] = `"<div><form><div class=\\"form-input\\"><label><strong class=\\"input-label\\">Title:</strong><input id=\\"title-input\\" value=\\"\\"></label></div><div class=\\"form-input\\"><label><strong class=\\"input-label\\">Image Url:</strong><input id=\\"image-input\\" value=\\"\\"></label></div><div id=\\"category-input\\"><div class=\\"checkbox-container\\"><input type=\\"checkbox\\" id=\\"corona\\" name=\\"Category\\" value=\\"corona\\"><strong class=\\"checkbox-label\\">corona</strong></div><div class=\\"checkbox-container\\"><input type=\\"checkbox\\" id=\\"culture\\" name=\\"Category\\" value=\\"culture\\"><strong class=\\"checkbox-label\\">culture</strong></div><div class=\\"checkbox-container\\"><input type=\\"checkbox\\" id=\\"debate\\" name=\\"Category\\" value=\\"debate\\"><strong class=\\"checkbox-label\\">debate</strong></div><div class=\\"checkbox-container\\"><input type=\\"checkbox\\" id=\\"economy\\" name=\\"Category\\" value=\\"economy\\"><strong class=\\"checkbox-label\\">economy</strong></div><div class=\\"checkbox-container\\"><input type=\\"checkbox\\" id=\\"education\\" name=\\"Category\\" value=\\"education\\"><strong class=\\"checkbox-label\\">education</strong></div><div class=\\"checkbox-container\\"><input type=\\"checkbox\\" id=\\"international\\" name=\\"Category\\" value=\\"international\\"><strong class=\\"checkbox-label\\">international</strong></div><div class=\\"checkbox-container\\"><input type=\\"checkbox\\" id=\\"local\\" name=\\"Category\\" value=\\"local\\"><strong class=\\"checkbox-label\\">local</strong></div><div class=\\"checkbox-container\\"><input type=\\"checkbox\\" id=\\"nature\\" name=\\"Category\\" value=\\"nature\\"><strong class=\\"checkbox-label\\">nature</strong></div><div class=\\"checkbox-container\\"><input type=\\"checkbox\\" id=\\"politics\\" name=\\"Category\\" value=\\"politics\\"><strong class=\\"checkbox-label\\">politics</strong></div><div class=\\"checkbox-container\\"><input type=\\"checkbox\\" id=\\"sport\\" name=\\"Category\\" value=\\"sport\\"><strong class=\\"checkbox-label\\">sport</strong></div><div class=\\"checkbox-container\\"><input type=\\"checkbox\\" id=\\"weather\\" name=\\"Category\\" value=\\"weather\\"><strong class=\\"checkbox-label\\">weather</strong></div></div><div class=\\"form-input\\"><label><strong class=\\"input-label\\">Content:</strong><input id=\\"content-input\\" value=\\"\\"></label></div><button>Submit</button></form></div>"`;
